[96msrc/app/api/experiments/[id]/runs/[runId]/rollback/route.ts[0m:[93m61[0m:[93m33[0m - [91merror[0m[90m TS2339: [0mProperty 'runNumber' does not exist on type '(FlattenMaps<any> & Required<{ _id: unknown; }>)[] | (FlattenMaps<any> & Required<{ _id: unknown; }>)'.
  Property 'runNumber' does not exist on type '(FlattenMaps<any> & Required<{ _id: unknown; }>)[]'.

[7m61[0m     const runNumber = (lastRun?.runNumber || 0) + 1;
[7m  [0m [91m                                ~~~~~~~~~[0m

[96msrc/app/api/experiments/[id]/runs/[runId]/rollback/route.ts[0m:[93m65[0m:[93m18[0m - [91merror[0m[90m TS2339: [0mProperty 'versionInfo' does not exist on type '(FlattenMaps<any> & Required<{ _id: unknown; }>)[] | (FlattenMaps<any> & Required<{ _id: unknown; }>)'.
  Property 'versionInfo' does not exist on type '(FlattenMaps<any> & Required<{ _id: unknown; }>)[]'.

[7m65[0m     if (lastRun?.versionInfo?.version) {
[7m  [0m [91m                 ~~~~~~~~~~~[0m

[96msrc/app/api/experiments/[id]/runs/[runId]/rollback/route.ts[0m:[93m66[0m:[93m29[0m - [91merror[0m[90m TS2339: [0mProperty 'versionInfo' does not exist on type '(FlattenMaps<any> & Required<{ _id: unknown; }>)[] | (FlattenMaps<any> & Required<{ _id: unknown; }>)'.
  Property 'versionInfo' does not exist on type '(FlattenMaps<any> & Required<{ _id: unknown; }>)[]'.

[7m66[0m       const parts = lastRun.versionInfo.version.split(".");
[7m  [0m [91m                            ~~~~~~~~~~~[0m

[96msrc/app/api/experiments/[id]/runs/[runId]/rollback/route.ts[0m:[93m71[0m:[93m68[0m - [91merror[0m[90m TS2339: [0mProperty 'versionInfo' does not exist on type '(FlattenMaps<any> & Required<{ _id: unknown; }>)[] | (FlattenMaps<any> & Required<{ _id: unknown; }>)'.
  Property 'versionInfo' does not exist on type '(FlattenMaps<any> & Required<{ _id: unknown; }>)[]'.

[7m71[0m     const branchName = body.branchName?.toLowerCase() || sourceRun.versionInfo?.branchName || experiment.defaultBranch;
[7m  [0m [91m                                                                   ~~~~~~~~~~~[0m

[96msrc/app/api/experiments/[id]/runs/[runId]/rollback/route.ts[0m:[93m72[0m:[93m93[0m - [91merror[0m[90m TS2339: [0mProperty 'runNumber' does not exist on type '(FlattenMaps<any> & Required<{ _id: unknown; }>)[] | (FlattenMaps<any> & Required<{ _id: unknown; }>)'.
  Property 'runNumber' does not exist on type '(FlattenMaps<any> & Required<{ _id: unknown; }>)[]'.

[7m72[0m     const commitMessage = body.commitMessage?.toLowerCase() || `rollback to run ${sourceRun.runNumber}`;
[7m  [0m [91m                                                                                            ~~~~~~~~~[0m

[96msrc/app/api/experiments/[id]/runs/[runId]/rollback/route.ts[0m:[93m85[0m:[93m42[0m - [91merror[0m[90m TS2339: [0mProperty 'runNumber' does not exist on type '(FlattenMaps<any> & Required<{ _id: unknown; }>)[] | (FlattenMaps<any> & Required<{ _id: unknown; }>)'.
  Property 'runNumber' does not exist on type '(FlattenMaps<any> & Required<{ _id: unknown; }>)[]'.

[7m85[0m       name: `rollback to run ${sourceRun.runNumber}`,
[7m  [0m [91m                                         ~~~~~~~~~[0m

[96msrc/app/api/experiments/[id]/runs/[runId]/rollback/route.ts[0m:[93m87[0m:[93m29[0m - [91merror[0m[90m TS2339: [0mProperty 'parameters' does not exist on type '(FlattenMaps<any> & Required<{ _id: unknown; }>)[] | (FlattenMaps<any> & Required<{ _id: unknown; }>)'.
  Property 'parameters' does not exist on type '(FlattenMaps<any> & Required<{ _id: unknown; }>)[]'.

[7m87[0m       parameters: sourceRun.parameters,
[7m  [0m [91m                            ~~~~~~~~~~[0m

[96msrc/app/api/experiments/[id]/runs/[runId]/rollback/route.ts[0m:[93m96[0m:[93m28[0m - [91merror[0m[90m TS2339: [0mProperty 'tags' does not exist on type '(FlattenMaps<any> & Required<{ _id: unknown; }>)[] | (FlattenMaps<any> & Required<{ _id: unknown; }>)'.
  Property 'tags' does not exist on type '(FlattenMaps<any> & Required<{ _id: unknown; }>)[]'.

[7m96[0m       tags: [...(sourceRun.tags || []), "rollback"],
[7m  [0m [91m                           ~~~~[0m

[96msrc/app/api/experiments/[id]/runs/[runId]/rollback/route.ts[0m:[93m103[0m:[93m71[0m - [91merror[0m[90m TS2339: [0mProperty 'runNumber' does not exist on type '(FlattenMaps<any> & Required<{ _id: unknown; }>)[] | (FlattenMaps<any> & Required<{ _id: unknown; }>)'.
  Property 'runNumber' does not exist on type '(FlattenMaps<any> & Required<{ _id: unknown; }>)[]'.

[7m103[0m       message: `created new run ${runNumber} based on run ${sourceRun.runNumber}`,
[7m   [0m [91m                                                                      ~~~~~~~~~[0m

[96msrc/app/api/experiments/[id]/runs/[runId]/tags/route.ts[0m:[93m40[0m:[93m17[0m - [91merror[0m[90m TS2339: [0mProperty 'tags' does not exist on type '(FlattenMaps<any> & Required<{ _id: unknown; }>)[] | (FlattenMaps<any> & Required<{ _id: unknown; }>)'.
  Property 'tags' does not exist on type '(FlattenMaps<any> & Required<{ _id: unknown; }>)[]'.

[7m40[0m       data: run.tags || [],
[7m  [0m [91m                ~~~~[0m

[96msrc/app/api/experiments/[id]/runs/[runId]/tags/route.ts[0m:[93m91[0m:[93m17[0m - [91merror[0m[90m TS2339: [0mProperty 'tags' does not exist on type '(FlattenMaps<any> & Required<{ _id: unknown; }>)[] | (FlattenMaps<any> & Required<{ _id: unknown; }>)'.
  Property 'tags' does not exist on type '(FlattenMaps<any> & Required<{ _id: unknown; }>)[]'.

[7m91[0m       data: run.tags,
[7m  [0m [91m                ~~~~[0m

[96msrc/app/api/experiments/[id]/runs/[runId]/tags/route.ts[0m:[93m141[0m:[93m17[0m - [91merror[0m[90m TS2339: [0mProperty 'tags' does not exist on type '(FlattenMaps<any> & Required<{ _id: unknown; }>)[] | (FlattenMaps<any> & Required<{ _id: unknown; }>)'.
  Property 'tags' does not exist on type '(FlattenMaps<any> & Required<{ _id: unknown; }>)[]'.

[7m141[0m       data: run.tags,
[7m   [0m [91m                ~~~~[0m

[96msrc/lib/actions/user.actions.ts[0m:[93m8[0m:[93m63[0m - [91merror[0m[90m TS2307: [0mCannot find module './email.actions' or its corresponding type declarations.

[7m8[0m import { sendVerificationEmail, sendResetPasswordEmail } from "./email.actions";
[7m [0m [91m                                                              ~~~~~~~~~~~~~~~~~[0m


Found 13 errors in 3 files.

Errors  Files
     9  src/app/api/experiments/[id]/runs/[runId]/rollback/route.ts[90m:61[0m
     3  src/app/api/experiments/[id]/runs/[runId]/tags/route.ts[90m:40[0m
     1  src/lib/actions/user.actions.ts[90m:8[0m
